Comando leido: hola
Con los siguientes parametros: mundo
Comando leido: este
Con los siguientes parametros: es,el,primer,lab,de,prog2
Fin!