Comando leido: conectar
Con los siguientes parametros: servidor
Comando leido: autenticar
Sin parametros
Comando leido: enviar
Con los siguientes parametros: datos
Comando leido: procesar
Con los siguientes parametros: 4567,09ya,tr45
Comando leido: desconectar
Sin parametros
Fin!